RAM Allocation [bytes]
Variable                                                                          Address   Size
------------------------------------------------------------------------------------------------

EEPROM Allocation [bytes]
Variable                                                                          Address   Size
------------------------------------------------------------------------------------------------

Register Allocation
Variable                                                                          Register  Size
------------------------------------------------------------------------------------------------

FLASH Allocation [words]
Function                                                                          Address   Size
------------------------------------------------------------------------------------------------
PWM_init                                                                          0x00045      5
main                                                                              0x0004A     21
ext0                                                                              0x0005F      3
ext1                                                                              0x00062      3
ext2                                                                              0x00065      5
